=== RUN   TestMainFn
=== RUN   TestMainFn/Test_with_valid_args_-_1
Program: echo
=== RUN   TestMainFn/Test_with_valid_args_-_2
Program: echo
=== RUN   TestMainFn/Test_with_empty_args
Program: echo
--- PASS: TestMainFn (0.00s)
    --- PASS: TestMainFn/Test_with_valid_args_-_1 (0.00s)
    --- PASS: TestMainFn/Test_with_valid_args_-_2 (0.00s)
    --- PASS: TestMainFn/Test_with_empty_args (0.00s)
PASS
coverage: 100.0% of statements
ok  	github.com/the-go-programming-language/ch1/1.1	0.028s	coverage: 100.0% of statements
?   	github.com/the-go-programming-language/ch1/1.10	[no test files]
?   	github.com/the-go-programming-language/ch1/1.11	[no test files]
?   	github.com/the-go-programming-language/ch1/1.12	[no test files]
=== RUN   TestMainFn
=== RUN   TestMainFn/Test_with_valid_args_-_1
Program: echo
Arg#0: foo
Arg#1: bar
=== RUN   TestMainFn/Test_with_valid_args_-_2
Program: echo
Arg#0: 1
Arg#1: 2
Arg#2: 3
=== RUN   TestMainFn/Test_with_empty_args
Program: echo
--- PASS: TestMainFn (0.00s)
    --- PASS: TestMainFn/Test_with_valid_args_-_1 (0.00s)
    --- PASS: TestMainFn/Test_with_valid_args_-_2 (0.00s)
    --- PASS: TestMainFn/Test_with_empty_args (0.00s)
PASS
coverage: 100.0% of statements
ok  	github.com/the-go-programming-language/ch1/1.2	0.028s	coverage: 100.0% of statements
?   	github.com/the-go-programming-language/ch1/1.3	[no test files]
?   	github.com/the-go-programming-language/ch1/1.4	[no test files]
?   	github.com/the-go-programming-language/ch1/1.5	[no test files]
?   	github.com/the-go-programming-language/ch1/1.6	[no test files]
?   	github.com/the-go-programming-language/ch1/1.7	[no test files]
?   	github.com/the-go-programming-language/ch1/1.8	[no test files]
?   	github.com/the-go-programming-language/ch1/1.9	[no test files]
?   	github.com/the-go-programming-language/ch2/2.1/src	[no test files]
=== RUN   TestCToF
=== RUN   TestCToF/Zero_Celsius
=== RUN   TestCToF/Positive_Celsius
=== RUN   TestCToF/Negative_Celsius
--- PASS: TestCToF (0.00s)
    --- PASS: TestCToF/Zero_Celsius (0.00s)
    --- PASS: TestCToF/Positive_Celsius (0.00s)
    --- PASS: TestCToF/Negative_Celsius (0.00s)
=== RUN   TestFToC
=== RUN   TestFToC/Zero_Fahrenheit
=== RUN   TestFToC/Positive_Fahrenheit
=== RUN   TestFToC/Negative_Fahrenheit
--- PASS: TestFToC (0.00s)
    --- PASS: TestFToC/Zero_Fahrenheit (0.00s)
    --- PASS: TestFToC/Positive_Fahrenheit (0.00s)
    --- PASS: TestFToC/Negative_Fahrenheit (0.00s)
=== RUN   TestCToK
=== RUN   TestCToK/Zero_Celsius
=== RUN   TestCToK/Positive_Celsius
=== RUN   TestCToK/Negative_Celsius
--- PASS: TestCToK (0.00s)
    --- PASS: TestCToK/Zero_Celsius (0.00s)
    --- PASS: TestCToK/Positive_Celsius (0.00s)
    --- PASS: TestCToK/Negative_Celsius (0.00s)
=== RUN   TestKToC
=== RUN   TestKToC/Zero_Kelvin
=== RUN   TestKToC/Positive_Kelvin
=== RUN   TestKToC/Negative_Kelvin
--- PASS: TestKToC (0.00s)
    --- PASS: TestKToC/Zero_Kelvin (0.00s)
    --- PASS: TestKToC/Positive_Kelvin (0.00s)
    --- PASS: TestKToC/Negative_Kelvin (0.00s)
=== RUN   TestKToF
=== RUN   TestKToF/Zero_Kelvin
=== RUN   TestKToF/Positive_Kelvin
=== RUN   TestKToF/Negative_Kelvin
--- PASS: TestKToF (0.00s)
    --- PASS: TestKToF/Zero_Kelvin (0.00s)
    --- PASS: TestKToF/Positive_Kelvin (0.00s)
    --- PASS: TestKToF/Negative_Kelvin (0.00s)
=== RUN   TestFToK
=== RUN   TestFToK/Zero_Fahrenheit
=== RUN   TestFToK/Positive_Fahrenheit
=== RUN   TestFToK/Negative_Fahrenheit
--- PASS: TestFToK (0.00s)
    --- PASS: TestFToK/Zero_Fahrenheit (0.00s)
    --- PASS: TestFToK/Positive_Fahrenheit (0.00s)
    --- PASS: TestFToK/Negative_Fahrenheit (0.00s)
PASS
coverage: 100.0% of statements
ok  	github.com/the-go-programming-language/ch2/2.1/src/tempconv	0.029s	coverage: 100.0% of statements
?   	github.com/the-go-programming-language/references	[no test files]
